[0m15:10:17.162645 [debug] [MainThread]: Sending event: {'category': 'dbt', 'action': 'invocation', 'label': 'start', 'context': [<snowplow_tracker.self_describing_json.SelfDescribingJson object at 0x000001AABE716120>, <snowplow_tracker.self_describing_json.SelfDescribingJson object at 0x000001AAC0EC3ED0>, <snowplow_tracker.self_describing_json.SelfDescribingJson object at 0x000001AAC0EC39D0>]}


============================== 15:10:17.169806 | 2faac0d8-ed30-4813-94fd-8e0f13e8c676 ==============================
[0m15:10:17.169806 [info ] [MainThread]: Running with dbt=1.12.3
[0m15:10:17.170833 [debug] [MainThread]: running dbt with arguments {'static_parser': 'True', 'no_print': 'None', 'maximum_seed_size_mib': '1', 'target_path': 'None', 'warn_error_options': 'WarnErrorOptionsV2(error=[], warn=[], silence=[])', 'version_check': 'True', 'printer_width': '80', 'write_json': 'True', 'introspect': 'True', 'log_cache_events': 'False', 'empty': 'None', 'cache_selected_only': 'False', 'log_format': 'default', 'debug': 'False', 'fail_fast': 'False', 'partial_parse': 'True', 'send_anonymous_usage_stats': 'True', 'quiet': 'False', 'warn_error': 'None', 'profiles_dir': 'C:\\Users\\navya\\.dbt', 'invocation_command': 'dbt init cricket_dbt', 'hints_enabled': 'True', 'indirect_selection': 'eager', 'use_experimental_parser': 'False', 'use_colors': 'True', 'log_path': 'logs'}
[0m15:10:17.198486 [debug] [MainThread]: Starter project path: C:\Cricket_Analytics\venv\Lib\site-packages\dbt\include\starter_project
[0m15:10:17.211116 [info ] [MainThread]: Setting up your profile.
[0m15:10:54.596450 [debug] [MainThread]: Snowflake adapter: Setting snowflake.connector to ERROR (file logging only)
[0m15:10:54.598582 [debug] [MainThread]: Snowflake adapter: Setting botocore to ERROR (file logging only)
[0m15:10:54.598927 [debug] [MainThread]: Snowflake adapter: Setting boto3 to ERROR (file logging only)
[0m15:12:26.931852 [error] [MainThread]: [[31mERROR[0m]: Encountered an error:

[0m15:12:26.937872 [error] [MainThread]: Traceback (most recent call last):
  File "C:\Cricket_Analytics\venv\Lib\site-packages\dbt\cli\requires.py", line 198, in wrapper
    result, success = func(*args, **kwargs)
                      ~~~~^^^^^^^^^^^^^^^^^
  File "C:\Cricket_Analytics\venv\Lib\site-packages\dbt\cli\requires.py", line 144, in wrapper
    return func(*args, **kwargs)
  File "C:\Cricket_Analytics\venv\Lib\site-packages\dbt\cli\main.py", line 504, in init
    results = task.run()
  File "C:\Cricket_Analytics\venv\Lib\site-packages\dbt\task\init.py", line 363, in run
    self.setup_profile(profile_name)
    ~~~~~~~~~~~~~~~~~~^^^^^^^^^^^^^^
  File "C:\Cricket_Analytics\venv\Lib\site-packages\dbt\task\init.py", line 265, in setup_profile
    self.create_profile_from_target(adapter, profile_name=profile_name)
    ~~~~~~~~~~~~~~~~~~~~~~~~~~~~~~~^^^^^^^^^^^^^^^^^^^^^^^^^^^^^^^^^^^^
  File "C:\Cricket_Analytics\venv\Lib\site-packages\dbt\task\init.py", line 182, in create_profile_from_target
    self.create_profile_from_profile_template(profile_template, profile_name)
    ~~~~~~~~~~~~~~~~~~~~~~~~~~~~~~~~~~~~~~~~~^^^^^^^^^^^^^^^^^^^^^^^^^^^^^^^^
  File "C:\Cricket_Analytics\venv\Lib\site-packages\dbt\task\init.py", line 166, in create_profile_from_profile_template
    target = self.generate_target_from_input(prompts, initial_target)
  File "C:\Cricket_Analytics\venv\Lib\site-packages\dbt\task\init.py", line 132, in generate_target_from_input
    target[key] = click.prompt(
                  ~~~~~~~~~~~~^
        text, default=default, hide_input=hide_input, type=type
        ^^^^^^^^^^^^^^^^^^^^^^^^^^^^^^^^^^^^^^^^^^^^^^^^^^^^^^^
    )
    ^
  File "C:\Cricket_Analytics\venv\Lib\site-packages\click\termui.py", line 262, in prompt
    value = prompt_func(prompt)
  File "C:\Cricket_Analytics\venv\Lib\site-packages\click\termui.py", line 245, in prompt_func
    raise Abort() from None
click.exceptions.Abort

[0m15:12:26.940495 [debug] [MainThread]: Command `dbt init` failed at 15:12:26.939910 after 129.94 seconds
[0m15:12:26.941946 [debug] [MainThread]: Sending event: {'category': 'dbt', 'action': 'invocation', 'label': 'end', 'context': [<snowplow_tracker.self_describing_json.SelfDescribingJson object at 0x000001AAC2709220>, <snowplow_tracker.self_describing_json.SelfDescribingJson object at 0x000001AAC27016D0>, <snowplow_tracker.self_describing_json.SelfDescribingJson object at 0x000001AAC27A0050>]}
[0m15:12:26.943084 [debug] [MainThread]: Flushing usage events
[0m15:12:28.308473 [debug] [MainThread]: An error was encountered while trying to flush usage events
[0m15:12:54.011829 [debug] [MainThread]: Sending event: {'category': 'dbt', 'action': 'invocation', 'label': 'start', 'context': [<snowplow_tracker.self_describing_json.SelfDescribingJson object at 0x00000253636A6120>, <snowplow_tracker.self_describing_json.SelfDescribingJson object at 0x0000025365E53ED0>, <snowplow_tracker.self_describing_json.SelfDescribingJson object at 0x0000025365E539D0>]}


============================== 15:12:54.018854 | 413f57f1-8534-4c3e-91d9-7a2db9f71729 ==============================
[0m15:12:54.018854 [info ] [MainThread]: Running with dbt=1.12.3
[0m15:12:54.020234 [debug] [MainThread]: running dbt with arguments {'static_parser': 'True', 'no_print': 'None', 'version_check': 'True', 'target_path': 'None', 'warn_error_options': 'WarnErrorOptionsV2(error=[], warn=[], silence=[])', 'maximum_seed_size_mib': '1', 'printer_width': '80', 'write_json': 'True', 'empty': 'None', 'log_cache_events': 'False', 'introspect': 'True', 'cache_selected_only': 'False', 'fail_fast': 'False', 'debug': 'False', 'log_format': 'default', 'profiles_dir': 'C:\\Users\\navya\\.dbt', 'send_anonymous_usage_stats': 'True', 'quiet': 'False', 'warn_error': 'None', 'partial_parse': 'True', 'invocation_command': 'dbt init cricket_dbt', 'hints_enabled': 'True', 'indirect_selection': 'eager', 'use_experimental_parser': 'False', 'use_colors': 'True', 'log_path': 'logs'}
[0m15:12:54.046331 [info ] [MainThread]: A project called cricket_dbt already exists here.
[0m15:12:54.047042 [debug] [MainThread]: Command `dbt init` succeeded at 15:12:54.046921 after 0.19 seconds
[0m15:12:54.047326 [debug] [MainThread]: Sending event: {'category': 'dbt', 'action': 'invocation', 'label': 'end', 'context': [<snowplow_tracker.self_describing_json.SelfDescribingJson object at 0x0000025365F0D5B0>, <snowplow_tracker.self_describing_json.SelfDescribingJson object at 0x0000025365CEB530>, <snowplow_tracker.self_describing_json.SelfDescribingJson object at 0x0000025365E959D0>]}
[0m15:12:54.047596 [debug] [MainThread]: Flushing usage events
[0m15:12:56.278212 [debug] [MainThread]: An error was encountered while trying to flush usage events
[0m15:13:33.642750 [debug] [MainThread]: Sending event: {'category': 'dbt', 'action': 'invocation', 'label': 'start', 'context': [<snowplow_tracker.self_describing_json.SelfDescribingJson object at 0x00000225EE256120>, <snowplow_tracker.self_describing_json.SelfDescribingJson object at 0x00000225F0A13ED0>, <snowplow_tracker.self_describing_json.SelfDescribingJson object at 0x00000225F0A139D0>]}


============================== 15:13:33.649048 | 2efb06b4-7e30-4d5f-8079-7687226be5ce ==============================
[0m15:13:33.649048 [info ] [MainThread]: Running with dbt=1.12.3
[0m15:13:33.650036 [debug] [MainThread]: running dbt with arguments {'static_parser': 'True', 'no_print': 'None', 'version_check': 'True', 'target_path': 'None', 'warn_error_options': 'WarnErrorOptionsV2(error=[], warn=[], silence=[])', 'maximum_seed_size_mib': '1', 'printer_width': '80', 'write_json': 'True', 'empty': 'None', 'log_cache_events': 'False', 'introspect': 'True', 'cache_selected_only': 'False', 'log_format': 'default', 'debug': 'False', 'fail_fast': 'False', 'profiles_dir': 'C:\\Users\\navya\\.dbt', 'send_anonymous_usage_stats': 'True', 'quiet': 'False', 'warn_error': 'None', 'partial_parse': 'True', 'use_colors': 'True', 'hints_enabled': 'True', 'invocation_command': 'dbt init cricket_dbt', 'use_experimental_parser': 'False', 'indirect_selection': 'eager', 'log_path': 'logs'}
[0m15:13:33.679687 [info ] [MainThread]: A project called cricket_dbt already exists here.
[0m15:13:33.680713 [debug] [MainThread]: Command `dbt init` succeeded at 15:13:33.680582 after 0.18 seconds
[0m15:13:33.681012 [debug] [MainThread]: Sending event: {'category': 'dbt', 'action': 'invocation', 'label': 'end', 'context': [<snowplow_tracker.self_describing_json.SelfDescribingJson object at 0x00000225F0ACD5B0>, <snowplow_tracker.self_describing_json.SelfDescribingJson object at 0x00000225F08AB530>, <snowplow_tracker.self_describing_json.SelfDescribingJson object at 0x00000225F0A559D0>]}
[0m15:13:33.681312 [debug] [MainThread]: Flushing usage events
[0m15:13:34.974703 [debug] [MainThread]: An error was encountered while trying to flush usage events
[0m15:14:22.743098 [debug] [MainThread]: Sending event: {'category': 'dbt', 'action': 'invocation', 'label': 'start', 'context': [<snowplow_tracker.self_describing_json.SelfDescribingJson object at 0x00000251308D6120>, <snowplow_tracker.self_describing_json.SelfDescribingJson object at 0x0000025133083ED0>, <snowplow_tracker.self_describing_json.SelfDescribingJson object at 0x00000251330839D0>]}


============================== 15:14:22.746898 | f12c48b3-a5ab-41be-a562-80b0be009b32 ==============================
[0m15:14:22.746898 [info ] [MainThread]: Running with dbt=1.12.3
[0m15:14:22.747482 [debug] [MainThread]: running dbt with arguments {'version_check': 'True', 'no_print': 'None', 'static_parser': 'True', 'warn_error_options': 'WarnErrorOptionsV2(error=[], warn=[], silence=[])', 'maximum_seed_size_mib': '1', 'target_path': 'None', 'printer_width': '80', 'write_json': 'True', 'empty': 'None', 'log_cache_events': 'False', 'introspect': 'True', 'cache_selected_only': 'False', 'log_format': 'default', 'debug': 'False', 'fail_fast': 'False', 'profiles_dir': 'C:\\Users\\navya\\.dbt', 'send_anonymous_usage_stats': 'True', 'quiet': 'False', 'warn_error': 'None', 'partial_parse': 'True', 'invocation_command': 'dbt debug', 'hints_enabled': 'True', 'use_colors': 'True', 'use_experimental_parser': 'False', 'indirect_selection': 'eager', 'log_path': 'logs'}
[0m15:14:22.763653 [info ] [MainThread]: dbt version: 1.12.3
[0m15:14:22.765540 [info ] [MainThread]: python version: 3.13.5
[0m15:14:22.767764 [info ] [MainThread]: python path: C:\Cricket_Analytics\venv\Scripts\python.exe
[0m15:14:22.768542 [info ] [MainThread]: os info: Windows-11-10.0.26200-SP0
[0m15:14:23.127704 [debug] [MainThread]: Snowflake adapter: Setting snowflake.connector to ERROR (file logging only)
[0m15:14:23.128108 [debug] [MainThread]: Snowflake adapter: Setting botocore to ERROR (file logging only)
[0m15:14:23.128370 [debug] [MainThread]: Snowflake adapter: Setting boto3 to ERROR (file logging only)
[0m15:14:23.221681 [info ] [MainThread]: Using profiles dir at C:\Users\navya\.dbt
[0m15:14:23.222215 [info ] [MainThread]: Using profiles.yml file at C:\Users\navya\.dbt\profiles.yml
[0m15:14:23.222610 [info ] [MainThread]: Using dbt_project.yml file at C:\Cricket_Analytics\dbt_project.yml
[0m15:14:23.222954 [error] [MainThread]: [[31mERROR[0m]: Encountered an error:
Internal Error
  Profile should not be None if loading profile completed
[0m15:14:23.223717 [debug] [MainThread]: Command `dbt debug` failed at 15:14:23.223628 after 0.61 seconds
[0m15:14:23.223968 [debug] [MainThread]: Sending event: {'category': 'dbt', 'action': 'invocation', 'label': 'end', 'context': [<snowplow_tracker.self_describing_json.SelfDescribingJson object at 0x00000251348DF360>, <snowplow_tracker.self_describing_json.SelfDescribingJson object at 0x00000251348E7E30>, <snowplow_tracker.self_describing_json.SelfDescribingJson object at 0x0000025134A2DD00>]}
[0m15:14:23.224235 [debug] [MainThread]: Flushing usage events
[0m15:14:24.401706 [debug] [MainThread]: An error was encountered while trying to flush usage events
[0m15:14:39.268613 [debug] [MainThread]: Sending event: {'category': 'dbt', 'action': 'invocation', 'label': 'start', 'context': [<snowplow_tracker.self_describing_json.SelfDescribingJson object at 0x000001B053216120>, <snowplow_tracker.self_describing_json.SelfDescribingJson object at 0x000001B0559D3ED0>, <snowplow_tracker.self_describing_json.SelfDescribingJson object at 0x000001B0559D39D0>]}


============================== 15:14:39.274011 | 16d84c6e-5c0a-4fbe-9456-314208b4c562 ==============================
[0m15:14:39.274011 [info ] [MainThread]: Running with dbt=1.12.3
[0m15:14:39.274944 [debug] [MainThread]: running dbt with arguments {'version_check': 'True', 'no_print': 'None', 'maximum_seed_size_mib': '1', 'target_path': 'None', 'static_parser': 'True', 'warn_error_options': 'WarnErrorOptionsV2(error=[], warn=[], silence=[])', 'printer_width': '80', 'write_json': 'True', 'introspect': 'True', 'log_cache_events': 'False', 'empty': 'None', 'cache_selected_only': 'False', 'fail_fast': 'False', 'debug': 'False', 'log_format': 'default', 'profiles_dir': 'C:\\Users\\navya\\.dbt', 'send_anonymous_usage_stats': 'True', 'quiet': 'False', 'warn_error': 'None', 'partial_parse': 'True', 'indirect_selection': 'eager', 'hints_enabled': 'True', 'use_colors': 'True', 'use_experimental_parser': 'False', 'invocation_command': 'dbt init cricket_dbt', 'log_path': 'logs'}
[0m15:14:39.297435 [info ] [MainThread]: A project called cricket_dbt already exists here.
[0m15:14:39.298407 [debug] [MainThread]: Command `dbt init` succeeded at 15:14:39.298282 after 0.16 seconds
[0m15:14:39.298729 [debug] [MainThread]: Sending event: {'category': 'dbt', 'action': 'invocation', 'label': 'end', 'context': [<snowplow_tracker.self_describing_json.SelfDescribingJson object at 0x000001B055A8D5B0>, <snowplow_tracker.self_describing_json.SelfDescribingJson object at 0x000001B05586B530>, <snowplow_tracker.self_describing_json.SelfDescribingJson object at 0x000001B055A159D0>]}
[0m15:14:39.299017 [debug] [MainThread]: Flushing usage events
[0m15:14:40.582049 [debug] [MainThread]: An error was encountered while trying to flush usage events
[0m15:16:21.676668 [debug] [MainThread]: Sending event: {'category': 'dbt', 'action': 'invocation', 'label': 'start', 'context': [<snowplow_tracker.self_describing_json.SelfDescribingJson object at 0x000002108C9C6120>, <snowplow_tracker.self_describing_json.SelfDescribingJson object at 0x000002108F173ED0>, <snowplow_tracker.self_describing_json.SelfDescribingJson object at 0x000002108F1739D0>]}


============================== 15:16:21.681140 | a455dc94-c1bb-47dd-9ca0-0d12d6abcd89 ==============================
[0m15:16:21.681140 [info ] [MainThread]: Running with dbt=1.12.3
[0m15:16:21.681972 [debug] [MainThread]: running dbt with arguments {'static_parser': 'True', 'no_print': 'None', 'maximum_seed_size_mib': '1', 'target_path': 'None', 'warn_error_options': 'WarnErrorOptionsV2(error=[], warn=[], silence=[])', 'version_check': 'True', 'printer_width': '80', 'write_json': 'True', 'introspect': 'True', 'log_cache_events': 'False', 'empty': 'None', 'cache_selected_only': 'False', 'fail_fast': 'False', 'debug': 'False', 'log_format': 'default', 'profiles_dir': 'C:\\Users\\navya\\.dbt', 'send_anonymous_usage_stats': 'True', 'quiet': 'False', 'warn_error': 'None', 'partial_parse': 'True', 'invocation_command': 'dbt init cricket_dbt', 'hints_enabled': 'True', 'indirect_selection': 'eager', 'use_experimental_parser': 'False', 'use_colors': 'True', 'log_path': 'logs'}
[0m15:16:21.705567 [debug] [MainThread]: Starter project path: C:\Cricket_Analytics\venv\Lib\site-packages\dbt\include\starter_project
[0m15:16:21.721279 [info ] [MainThread]: Setting up your profile.
[0m15:16:25.046555 [debug] [MainThread]: Snowflake adapter: Setting snowflake.connector to ERROR (file logging only)
[0m15:16:25.046922 [debug] [MainThread]: Snowflake adapter: Setting botocore to ERROR (file logging only)
[0m15:16:25.047158 [debug] [MainThread]: Snowflake adapter: Setting boto3 to ERROR (file logging only)
[0m15:25:59.031847 [info ] [MainThread]: Profile cricket_dbt written to C:\Users\navya\.dbt\profiles.yml using target's profile_template.yml and your supplied values.
[0m15:25:59.038021 [info ] [MainThread]: Running dbt debug to validate the project...
[0m15:25:59.039934 [info ] [MainThread]: dbt version: 1.12.3
[0m15:25:59.040843 [info ] [MainThread]: python version: 3.13.5
[0m15:25:59.042257 [info ] [MainThread]: python path: C:\Cricket_Analytics\venv\Scripts\python.exe
[0m15:25:59.044536 [info ] [MainThread]: os info: Windows-11-10.0.26200-SP0
[0m15:25:59.152352 [info ] [MainThread]: Using profiles dir at C:\Users\navya\.dbt
[0m15:25:59.153012 [info ] [MainThread]: Using profiles.yml file at C:\Users\navya\.dbt\profiles.yml
[0m15:25:59.153560 [info ] [MainThread]: Using dbt_project.yml file at C:\Cricket_Analytics\cricket_dbt\dbt_project.yml
[0m15:25:59.155047 [info ] [MainThread]: adapter type: snowflake
[0m15:25:59.155364 [info ] [MainThread]: adapter version: 1.12.0
[0m15:25:59.237868 [info ] [MainThread]: Configuration:
[0m15:25:59.238315 [info ] [MainThread]:   profiles.yml file [[32mOK found and valid[0m]
[0m15:25:59.238713 [info ] [MainThread]:   dbt_project.yml file [[32mOK found and valid[0m]
[0m15:25:59.239013 [info ] [MainThread]: Required dependencies:
[0m15:25:59.239315 [debug] [MainThread]: Executing "git --help"
[0m15:25:59.284126 [debug] [MainThread]: STDOUT: "b"usage: git [-v | --version] [-h | --help] [-C <path>] [-c <name>=<value>]\n           [--exec-path[=<path>]] [--html-path] [--man-path] [--info-path]\n           [-p | --paginate | -P | --no-pager] [--no-replace-objects] [--no-lazy-fetch]\n           [--no-optional-locks] [--no-advice] [--bare] [--git-dir=<path>]\n           [--work-tree=<path>] [--namespace=<name>] [--config-env=<name>=<envvar>]\n           <command> [<args>]\n\nThese are common Git commands used in various situations:\n\nstart a working area (see also: git help tutorial)\n   clone      Clone a repository into a new directory\n   init       Create an empty Git repository or reinitialize an existing one\n\nwork on the current change (see also: git help everyday)\n   add        Add file contents to the index\n   mv         Move or rename a file, a directory, or a symlink\n   restore    Restore working tree files\n   rm         Remove files from the working tree and from the index\n\nexamine the history and state (see also: git help revisions)\n   bisect     Use binary search to find the commit that introduced a bug\n   diff       Show changes between commits, commit and working tree, etc\n   grep       Print lines matching a pattern\n   log        Show commit logs\n   show       Show various types of objects\n   status     Show the working tree status\n\ngrow, mark and tweak your common history\n   backfill   Download missing objects in a partial clone\n   branch     List, create, or delete branches\n   commit     Record changes to the repository\n   history    EXPERIMENTAL: Rewrite history\n   merge      Join two or more development histories together\n   rebase     Reapply commits on top of another base tip\n   reset      Set `HEAD` or the index to a known state\n   switch     Switch branches\n   tag        Create, list, delete or verify tags\n\ncollaborate (see also: git help workflows)\n   fetch      Download objects and refs from another repository\n   pull       Fetch from and integrate with another repository or a local branch\n   push       Update remote refs along with associated objects\n\n'git help -a' and 'git help -g' list available subcommands and some\nconcept guides. See 'git help <command>' or 'git help <concept>'\nto read about a specific subcommand or concept.\nSee 'git help git' for an overview of the system.\n""
[0m15:25:59.284533 [debug] [MainThread]: STDERR: "b''"
[0m15:25:59.284860 [info ] [MainThread]:  - git [[32mOK found[0m]

[0m15:25:59.285152 [info ] [MainThread]: Connection:
[0m15:25:59.285493 [info ] [MainThread]:   account: VADNGPU-CD27692
[0m15:25:59.285807 [info ] [MainThread]:   user: NAVYABODDULA
[0m15:25:59.286082 [info ] [MainThread]:   database: CRICKET_ANALYTICS
[0m15:25:59.286324 [info ] [MainThread]:   warehouse: COMPUTE_WH
[0m15:25:59.286535 [info ] [MainThread]:   role: ACCOUNTADMIN
[0m15:25:59.286775 [info ] [MainThread]:   schema: RAW
[0m15:25:59.287038 [info ] [MainThread]:   authenticator: None
[0m15:25:59.287314 [info ] [MainThread]:   oauth_client_id: None
[0m15:25:59.287621 [info ] [MainThread]:   query_tag: None
[0m15:25:59.287881 [info ] [MainThread]:   client_session_keep_alive: False
[0m15:25:59.288136 [info ] [MainThread]:   host: None
[0m15:25:59.288382 [info ] [MainThread]:   port: None
[0m15:25:59.288682 [info ] [MainThread]:   proxy_host: None
[0m15:25:59.288922 [info ] [MainThread]:   proxy_port: None
[0m15:25:59.289167 [info ] [MainThread]:   protocol: None
[0m15:25:59.289420 [info ] [MainThread]:   connect_retries: 1
[0m15:25:59.289666 [info ] [MainThread]:   connect_timeout: None
[0m15:25:59.289907 [info ] [MainThread]:   retry_on_database_errors: False
[0m15:25:59.290482 [info ] [MainThread]:   retry_all: False
[0m15:25:59.291016 [info ] [MainThread]:   insecure_mode: False
[0m15:25:59.291338 [info ] [MainThread]:   reuse_connections: True
[0m15:25:59.291784 [info ] [MainThread]:   s3_stage_vpce_dns_name: None
[0m15:25:59.292106 [info ] [MainThread]:   workload_identity_provider: None
[0m15:25:59.292362 [info ] [MainThread]:   workload_identity_entra_resource: None
[0m15:25:59.292604 [info ] [MainThread]:   platform_detection_timeout_seconds: 0.0
[0m15:25:59.293014 [info ] [MainThread]: Registered adapter: snowflake=1.12.0
[0m15:25:59.488224 [debug] [MainThread]: Acquiring new snowflake connection 'debug'
[0m15:25:59.490322 [debug] [MainThread]: Using snowflake connection "debug"
[0m15:25:59.490594 [debug] [MainThread]: On debug: select 1 as id
[0m15:25:59.490797 [debug] [MainThread]: Opening a new connection, currently in state init
[0m15:26:00.829039 [debug] [MainThread]: SQL status: SUCCESS 1 in 1.338 seconds
[0m15:26:00.831111 [info ] [MainThread]:   Connection test: [[32mOK connection ok[0m]

[0m15:26:00.832103 [info ] [MainThread]: [32mAll checks passed![0m
[0m15:26:00.832916 [info ] [MainThread]: Your new dbt project "cricket_dbt" was created!
Initialized new project in C:\Cricket_Analytics\cricket_dbt\cricket_dbt

For more information on how to configure the profiles.yml file,
please consult the dbt documentation here:

  https://docs.getdbt.com/docs/configure-your-profile

One more thing:

Need help? Don't hesitate to reach out to us via GitHub issues or on Slack:

  https://community.getdbt.com/

Happy modeling!

[0m15:26:00.834884 [debug] [MainThread]: Command `dbt init` succeeded at 15:26:00.834605 after 579.28 seconds
[0m15:26:00.835546 [debug] [MainThread]: Connection 'debug' was left open.
[0m15:26:00.836114 [debug] [MainThread]: On debug: Close
[0m15:26:01.015643 [debug] [MainThread]: Sending event: {'category': 'dbt', 'action': 'invocation', 'label': 'end', 'context': [<snowplow_tracker.self_describing_json.SelfDescribingJson object at 0x00000210909B9350>, <snowplow_tracker.self_describing_json.SelfDescribingJson object at 0x000002108F00B530>, <snowplow_tracker.self_describing_json.SelfDescribingJson object at 0x0000021090BD2360>]}
[0m15:26:01.016673 [debug] [MainThread]: Flushing usage events
[0m15:26:02.245766 [debug] [MainThread]: An error was encountered while trying to flush usage events
